// Jest Snapshot v1, https://goo.gl/fbAQLP

exports[`Test functional on \`GifExpertApp\` Deberia renderizar correctamente el component 1`] = `
<Fragment>
  <h2>
    GifExpertApp
  </h2>
  <AddCategory
    setCategories={[Function]}
  />
  <hr />
  <ol />
</Fragment>
`;
